--- Starting Flow Test ---
1. Testing Registration...
Registration Status: 201
Registration Message: Success

2. Testing Login...
Login Status: 200
Token received: Yes

3. Testing Profile Retrieval...
Profile Status: 200
Profile Data Received: {
  "cargo": "Test Cargo",
  "full_name": "Test User 1773216728335",
  "cpf_cnpj": "123.456.789-00",
  "email": "test1773216728335@example.com",
  "cep": null,
  "address": "Test Street",
  "house_number": "123",
  "complement": null,
  "state": "TS",
  "city": null,
  "neighborhood": null,
  "phone_residential": null,
  "phone_mobile": null,
  "gender": "Homem"
}

Γ¥î FAILURE: Profile data mismatch or missing fields.
Expected Name: Test User 1773216728335 | Got: undefined
Expected Gender: Homem | Got: undefined
Expected Address: Test Street | Got: undefined
